The ls command shows a list of archive information.

Most commands follow a similar syntax pattern:
command [optiones‚Ä¶] [arguments‚Ä¶]

e.g. as we enter the command ls without any options or argument, it returns by default a list of archives
contained in the same current directory.

**An argument is used to specify something about the command to run.

e.g. ls Documents
As a result, it shows a list of the archives included into the Documents directory.

Given the fact that Linux is opensource, some developers have added their own commands.
e.g. aptitude, which accepts moo as an argument.

sysadmin@localhost:~$ aptitude moo  
There are no Easter Eggs in this program.

**Options can be used to modify the behaviour of a command.
In the previous example, ls shows the list of archive information, but if we added -l it would show a long screen result and 
provide more info about the listed archives.

By default, the command ls prints the values alphabetically, by adding option -r it will print the results alphabetically sorted by in the opposite way.

More than one options can be used separately or combined. 
All these ones will have the same effect:
ls -l -r
ls -rl
ls -lr

WE just used the argument moo but it's possible to modify it by using the option -v (verbose)

sysadmin@localhost:~$ aptitude -vv moo
Didn't I already tell you that there are no Easter Eggs in this program?
sysadmin@localhost:~$ aptitude -vvv moo
Stop it!

Remember you can combine them as you want:
aptitude -v -v moo
aptitude -vv moo

**

To find out where you're at in the archive system, use the command pwd.
pwd command prints the working directory, your current location in the archive system.

cd Documents
Takes you to the Documents directory

cd / 
brings you back to the previous root directory


In the Linux terminal, absolute and relative routes (also called paths) refer to the way you specify the location of files or directories in the file system.

An absolute path specifies the full path from the root directory (/) to the target file or directory.


A relative path specifies the location of a file or directory relative to your current working directory.
(Does not start with a /)

sysadmin@localhost:~$ cd Documents                                                
sysadmin@localhost:~/Documents$ cd School/Art                                   
sysadmin@localhost:~/Documents/School/Art$ pwd                                  
/home/sysadmin/Documents/School/Art                                             
sysadmin@localhost:~/Documents/School/Art$ 

THE result of the command pwd shows the absolute path to the Art directory.
The command followed this route
cd School/Art

But it could also follow this one with the same results:
cd School
cd Art


File Navigation (Using cd & Paths)

cd ..	Move to parent directory
cd -	Switch to previous directory
cd ~	Go to home directory
cd /	Go to root directory

sysadmin@localhost:~/Documents/School$ cd ~
sysadmin@localhost:~$


ENG
************************************************************************************************************
Symbol   File Type             Description
d        directory             A file used to contain other files.
-        regular file          Includes readable files, images, binary files, and compressed files.
l        symbolic link         Points to another file.
s        socket                Allows communication between processes.
p        pipe                  Allows communication between processes.
b        block device file     Used for communication with storage devices.
c        character device file Used for communication with hardware.

SPA
**********************************************************************************************************
S√≠mbolo   Tipo de archivo       Descripci√≥n
d         directorio            Un archivo usado para contener otros archivos.
-         archivo ordinario     Incluye archivos le√≠bles, im√°genes, archivos binarios, y archivos comprimidos.
l         enlaces simb√≥licos    Apunta a otro archivo.
s         socket                Permite la comunicaci√≥n entre procesos.
p         tuber√≠a (pipe)        Permite la comunicaci√≥n entre procesos.
b         archivo bloque        Usado para comunicaciones con dispositivos de almacenamiento.
c    archivo car√°cter    Usado para comunicaciones con el equipo (hardware).



sysadmin@localhost:~$ ls -l /var/log/
total 844                                                                       
-rw-r--r-- 1 root   root  18047 Dec 20  2017 alternatives.log                   
drwxr-x--- 2 root   adm    4096 Dec 20  2017 apache2                            
drwxr-xr-x 1 root   root   4096 Dec 20  2017 apt                                
-rw-r----- 1 syslog adm    1346 Oct  2 22:17 auth.log                           
-rw-r--r-- 1 root   root  47816 Dec  7  2017 bootstrap.log                      
-rw-rw---- 1 root   utmp      0 Dec  7  2017 btmp                               
-rw-r----- 1 syslog adm     547 Oct  2 22:17 cron.log                           
-rw-r----- 1 root   adm   85083 Dec 20  2017 dmesg                              
-rw-r--r-- 1 root   root 325238 Dec 20  2017 dpkg.log                           
-rw-r--r-- 1 root   root  32064 Dec 20  2017 faillog                            
drwxr-xr-x 2 root   root   4096 Dec  7  2017 fsck                               
-rw-r----- 1 syslog adm     106 Oct  2 19:57 kern.log                           
-rw-rw-r-- 1 root   utmp 292584 Oct  2 19:57 lastlog                            
-rw-r----- 1 syslog adm   19573 Oct  2 22:57 syslog                             
drwxr-xr-x 2 root   root   4096 Apr 11  2014 upstart                            
-rw-rw-r-- 1 root   utmp    384 Oct  2 19:57 wtmp 


Tipo de archivo

-rw-r--r-- 1 root   root  18047 Dec 20  2017 alternatives.log       
            
drwxr-x--- 2 root   adm    4096 Dec 20  2017 apache2  


Permisos

drwxr-xr-x 2 root   root   4096 Apr 11  2014 upstart
Los permisos indican c√≥mo determinados usuarios pueden acceder a un archivo. Siga leyendo para obtener m√°s informaci√≥n sobre los permisos.

N√∫mero de enlaces directos

-rw-r----- 1 syslog adm    1346 Oct  2 22:17 auth.log
Este n√∫mero indica cu√°ntos enlaces directos apuntan a este archivo. Los enlaces directos est√°n fuera del alcance de este m√≥dulo, pero est√°n cubiertos en el curso NDG Linux Essentials.

Propietario del archivo

-rw-r----- 1 syslog adm     106 Oct  2 19:57 kern.log
El usuario syslog posee este archivo. Cada vez que se crea un archivo, la propiedad se asigna autom√°ticamente al usuario que lo cre√≥.

Grupo propietario del archivo

-rw-rw-r-- 1 root   utmp 292584 Oct  2 19:57 lastlog
Indica qu√© grupo posee este archivo.

Tama√±o del archivo

-rw-r----- 1 syslog adm   19573 Oct  2 22:57 syslog


Sello horario o de tiempo

drwxr-xr-x 2 root   root   4096 Dec  7  2017 fsck
Indica la fecha y hora en que el contenido del archivo se modific√≥ por √∫ltima vez.

Nombre del archivo

-rw-r--r-- 1 root   root  47816 Dec  7  2017 bootstrap.log

El campo final contiene el nombre del archivo o directorio.



A tener en cuenta

En el caso de enlaces simb√≥licos, un archivo que apunta a otro archivo, el nombre del enlace se mostrar√° junto a una flecha y el nombre de la ruta del archivo original.

lrwxrwxrwx. 1 root root 22 Nov 6 2012 /etc/grub.conf -> ../boot/grub/grub.conf
Los enlaces simb√≥licos est√°n fuera del alcance de este m√≥dulo, pero est√°n cubiertos en el curso NDG Linux Essentials.

***
Sorting files:

-t sorts files according to timestamp

-s sorts files according to size

-r reverses the sorting method

*********************************************
su is used to switch to another user account in the current shell session. By default, it switches to the root user.

su -
su -l
su --login

#: indicates that you're logged in as root (a normal user would see $)
root@localhost:~# exit

To logout use exit
root@localhost:~# exit
logout
sysadmin@localhost:~$

sl
If the sl command is installed, it runs a "Steam Locomotive" animation in the terminal.

**
sudo (short for "superuser do") is a powerful command in Linux and Unix-like systems 
that allows a permitted user to run a command as another user ‚Äî most commonly the root (superuser) ‚Äî without fully switching to that user.

The sudo -u option in Linux is used to run a command as a different user, not just root.
sudo -u <username> <command>


- commands run with sudo are executed as root by default, unless you specify a different user using the -u option.

************************************

PERMISSIONS:
Let‚Äôs break down rw-r--r--:

rw-  r--  r--
‚îÇ    ‚îÇ    ‚îÇ
‚îÇ    ‚îÇ    ‚îî‚îÄ‚îÄ others (everyone else)
‚îÇ    ‚îî‚îÄ‚îÄ‚îÄ‚îÄ‚îÄ‚îÄ group
‚îî‚îÄ‚îÄ‚îÄ‚îÄ‚îÄ‚îÄ‚îÄ‚îÄ‚îÄ‚îÄ‚îÄ owner (user)

| Symbol | Meaning       | Description                                            |
| :----- | :------------ | :----------------------------------------------------- |
| **r**  | read          | can view the contents of the file (e.g. `cat`, `less`) |
| **w**  | write         | can modify or delete the file                          |
| **x**  | execute       | can run the file as a program/script                   |
| **-**  | no permission | permission not granted                                 |


So for rw-r--r--:
Owner (user) ‚Üí rw- ‚Üí read and write
Group ‚Üí r-- ‚Üí read only
Others ‚Üí r-- ‚Üí read only

‚úÖ Summary:

The file owner can read and modify the file.
Everyone else can only read it.
No one can execute it.



-r--rw-rwx. 1 sysadmin staff 999 Apr  10  2013 /home/sysadmin/test


How Linux decides which permissions to use
When someone tries to access a file, Linux checks permissions in this order:
User (owner) ‚Üí If you are the file‚Äôs owner, Linux uses the user permissions.
Group ‚Üí If you‚Äôre not the owner but belong to the file‚Äôs group, Linux uses the group permissions.
Others ‚Üí If neither of the above, Linux uses the others permissions.

Once one condition matches, Linux stops checking the rest ‚Äî permissions are not cumulative.

Applying that to your example
User owner: sysadmin
Permissions: r-- ‚Üí read only
Group: staff
Permissions: rw- ‚Üí read and write
Others:
Permissions: rwx ‚Üí read, write, and execute

So:
The user sysadmin (even if also a member of the staff group)
üî∏ only gets r-- ‚Äî can read the file, but cannot write or execute it.

Members of the staff group (who aren‚Äôt the file owner)
üî∏ get rw- ‚Äî can read and write.

Everyone else
üî∏ gets rwx ‚Äî full access.


***
Changing permissions:

chmod - change access mode

In Linux, there are two main methods to change file and directory permissions:

1. Symbolic method
This method uses letters to represent users and permissions.

2. Numeric (octal) method
This method uses numbers to represent permission sets.

*********************************************

sysadmin@localhost:~/Documents$ chmod u+x hello.sh


**
The command chown is used to change the file owner.

sudo chown root hello.sh

ls -l hello.sh


**

cat - concatenate

type the command and the file you want to see. It's recommended to use it with small files which don't require
screen scrolling.

sysadmin@localhost:~/Documents$ cat animals.txt                            
1 retriever                                                             
2 badger                                                                
3 bat                                                                  
4 wolf                                                                  
5 eagle

A method to see longer files:
The head and tail commands in Linux are used to display the beginning and end of text files, respectively. 
They‚Äôre very handy for quickly inspecting files or command outputs.

Here‚Äôs a breakdown:
1. head command
Purpose: Displays the first part (default: 10 lines) of a file or output.

2. tail command
Purpose: Displays the last part (default: 10 lines) of a file or output.

You can also use more and less to view file contents in Linux, and they‚Äôre especially useful 
for paging through long files (unlike head and tail, which only show fixed portions).

3. -n command it's used with head and tail to specify how many lines to show.

e.g. head -n 3 alpha.txt

***

The mv command in Linux is used to move or rename files and directories. It‚Äôs one of the most commonly used file management commands.

sysadmin@localhost:~/Documents$ cp /etc/passwd .
(. means ‚Äúthe current directory.‚Äù)

**

The dd command in Linux is a powerful low-level data copying and conversion tool. 
It can read, write, and convert raw data between files, devices, or partitions ‚Äî often used for tasks like creating bootable USBs, 
backing up disks, or wiping data.

sysadmin@localhost:~$ dd if=/dev/zero of=/tmp/swapex bs=1M count=50 
50+0 records in
50+0 records out
52428800 bytes (52 MB) copied, 0.825745 s, 635 MB/s


dd if=<input_file> of=<output_file> [options]
if= ‚Üí input file (source)
of= ‚Üí output file (destination)

1. sudo dd if=/dev/sda of=/dev/sdb bs=4M status=progress
Copies everything from disk /dev/sda to /dev/sdb using a block size of 4 MB and showing progress.

2. Create a disk image
sudo dd if=/dev/sda of=/home/user/disk_backup.img bs=4M status=progress

Makes a full image of the /dev/sda drive.

3. Write an image to a USB drive
sudo dd if=ubuntu.iso of=/dev/sdb bs=4M status=progress oflag=sync

Writes a bootable ISO file to a USB stick (/dev/sdb).

4. Wipe a disk (dangerous!)
sudo dd if=/dev/zero of=/dev/sdb bs=1M status=progress

Overwrites the entire disk with zeros ‚Äî completely erasing all data.
Be extremely careful with of= ‚Äî one typo can destroy your system.

5. Create a file of a specific size
dd if=/dev/zero of=sample.bin bs=1M count=100

Creates a 100 MB file filled with zeros.


| Option            | Meaning                                                |
| ----------------- | ------------------------------------------------------ |
| `bs=`             | Block size (e.g., `bs=1M` = read/write 1 MB at a time) |
| `count=`          | Number of blocks to copy                               |
| `skip=`           | Skip blocks from input before copying                  |
| `seek=`           | Skip blocks on output before writing                   |
| `status=progress` | Show ongoing progress                                  |
| `conv=`           | Convert data (e.g., `conv=noerror,sync`)               |


For example, when you clone a full disk you don't have to specify the size or count.

dd if=/dev/sda of=/dev/sdb

****
The mv command in Linux is used to move or rename files and directories. It‚Äôs one of the most commonly used file management commands.

sysadmin@localhost:~$ cd ~/Documents

sysadmin@localhost:~/Documents$ mv people.csv Work

sysadmin@localhost:~/Documents$ ls Work                                         
people.csv
(The file will keep its name if you don't specify a new name)

mv can be used for a lot of files as long as the last argument is the destination:

sysadmin@localhost:~/Documents$ mv numbers.txt letters.txt alpha.txt School        
sysadmin@localhost:~/Documents$ ls School                                       
Art  Engineering  Math  alpha.txt  letters.txt  numbers.txt 

*moving a file to the same directory is another way of changing its name:

mv animals.txt zoo.txt

*****

* rm : this command is used to delete files and directories

* rm by default, rm ignores (actually refuses to remove) directories.

To remove directories with rm, you need specific options:

-r or --recursive: remove directories and their contents recursively
rm -r mydir

-rf: same as above, but force removal without confirmation
rm -rf mydir


**

The grep command is one of the most commonly used tools in Unix/Linux systems ‚Äî it‚Äôs used to search for text patterns inside files or output.

grep [options] PATTERN [FILE...]
PATTERN ‚Üí what you‚Äôre searching for (a word, phrase, or regex)

FILE ‚Üí the file(s) to search in

Examples:
1. Search for a word in a file
grep "hello" file.txt

2. Ignore case
grep -i "hello" file.txt

3. Show line numbers
grep -n "hello" file.txt

4. Search recursively in directories
grep -r "main()" src/

5. Show only filenames that contain matches
grep -l "TODO" *.py

6. Invert match (show lines without the pattern)
grep -v "error" log.txt

7. Use regular expressions
grep -E "cat|dog" animals.txt



| Pattern | Meaning                                 | Example                  | Description                             |                                         |                                   |
| ------- | --------------------------------------- | ------------------------ | --------------------------------------- | --------------------------------------- | --------------------------------- |
| `.`     | Any single character                    | `gr.p`                   | Matches ‚Äúgrep‚Äù, ‚Äúgrap‚Äù, ‚Äúgr1p‚Äù          |                                         |                                   |
| `^`     | Start of line                           | `^Hello`                 | Matches lines beginning with ‚ÄúHello‚Äù    |                                         |                                   |
| `$`     | End of line                             | `world$`                 | Matches lines ending with ‚Äúworld‚Äù       |                                         |                                   |
| `[]`    | Character set                           | `gr[ae]y`                | Matches ‚Äúgray‚Äù or ‚Äúgrey‚Äù                |                                         |                                   |
| `[^ ]`  | Negated set                             | `gr[^a]y`                | Matches ‚Äúgrey‚Äù but not ‚Äúgray‚Äù           |                                         |                                   |
| `*`     | 0 or more of previous char              | `go*gle`                 | Matches ‚Äúggle‚Äù, ‚Äúgogle‚Äù, ‚Äúgoogle‚Äù, etc. |                                         |                                   |
| `+`     | 1 or more of previous char *(use `-E`)* | `go+gle`                 | Matches ‚Äúgogle‚Äù, ‚Äúgoogle‚Äù               |                                         |                                   |
| `?`     | 0 or 1 of previous char *(use `-E`)*    | `colou?r`                | Matches ‚Äúcolor‚Äù or ‚Äúcolour‚Äù             |                                         |                                   |
| `       | `                                       | Alternation *(use `-E`)* | `cat                                    | dog`                                    | Matches lines with ‚Äúcat‚Äù or ‚Äúdog‚Äù |
| `()`    | Grouping *(use `-E`)*                   | `(cat                    | dog)s?`                                 | Matches ‚Äúcat‚Äù, ‚Äúcats‚Äù, ‚Äúdog‚Äù, or ‚Äúdogs‚Äù |                                   |


**The simplest one using the literal expression

sysadmin@localhost:~/Documents$ grep sysadmin passwd                               
sysadmin:x:1001:1001:System Administrator,,,,:/home/sysadmin:/bin/bash

**
'root'
the single quotes (' ') around root are just a way to quote the search pattern ‚Äî they aren‚Äôt part of the pattern itself

//You want to prevent the shell from interpreting something before grep sees it//

sysadmin@localhost:~/Documents$ grep 'root' passwd
root:x:0:0:root:/root:/bin/bash                                                 
operator:x:1000:37::/root:

**
sysadmin@localhost:~/Documents$ grep '^root' /etc/passwd
root:x:0:0:root:/root:/bin/bash

^ first character of the pattern

** 'r$' makes sure the pattern is at the end
sysadmin@localhost:~/Documents$ grep 'r$' alpha-first.txt
B is for Bear
F is for Flower


** .
It shows any coincidence that stars with r and ends by f, no matter which letters are in the middle.

sysadmin@localhost:~/Documents$ grep 'r..f' red.txt
reef
roof

It shows 4 character results:
sysadmin@localhost:~/Documents$ grep '....' red.txt                             
reef
reeed
roof                                                                            
reed
root
reel
read

***
[]


sysadmin@localhost:~/Documents$ cat profile.txt
Hello my name is Joe.
I am 37 years old.
3121991
My favorite food is avocados.
I have 2 dogs.
123456789101112

-It shows all lines that contain a number
sysadmin@localhost:~/Documents$ grep '[0-9]' profile.txt
I am 37 years old.
3121991
I have 2 dogs.
123456789101112

-It shows lines that don't have numbers
sysadmin@localhost:~/Documents$ grep '[^0-9]' profile.txt
Hello my name is Joe.
I am 37 years old.
My favorite food is avocados.
I have 2 dogs.

-[.] Shows lines that include .
sysadmin@localhost:~/Documents$ grep '[.]' profile.txt
Hello my name is Joe.
I am 37 years old.
My favorite food is avocados.
I have 2 dogs.

** means ‚Äúzero or more occurrences of the previous character.‚Äù
sysadmin@localhost:~/Documents$ grep 're*d' red.txt
red
reeed
rd
reed

**
* It means the absence or presence of a character.[oe]
sysadmin@localhost:~/Documents$ grep 'r[oe]*d' red.txt
red
reeed
rd
rod
reed

** All characters matches even if there's zero presence of z.

sysadmin@localhost:~/Documents$ grep 'z*' red.txt
red
reef
rot
reeed
rd
rod
roof
reed
root
reel
read


sysadmin@localhost:~/Documents$ grep 'e*' red.txt
red
reef
rot
reeed
rd
rod
roof
reed
root
reel
read


//SHUTDOWN://

root@localhost:~# shutdown now                                         
                                                                                
Broadcast message from sysadmin@localhost                                       
        (/dev/pts/0) at 2:05 ...                                              
                                                                                
The system is going down for maintenance NOW!

You're required to add a time argument or the number of minutes usign +minutes.
Your system might be configured in a different time zone so you might check it out first with the command date.

You can also add a message as argument:

root@localhost:~# shutdown +1 "Goodbye World!"                                  
                                                                                
Broadcast message from sysadmin@localhost                                       
        (/dev/pts/0) at 3:07 ...                                              
                                                                                
The system is going down for maintenance in 1 minute!                           
Goodbye World!                                                                  
shutdown: Unable to shutdown system                                             
root@localhost:~#                                                             
Broadcast message from sysadmin@localhost                                       
        (/dev/pts/0) at 3:08 ...                                              
                                                                                
The system is going down for maintenance NOW!                                   
Goodbye World!



****

Network configuration
ifconfig (interface configuration)


-iwconfig is similar to ifconfig but it refers to wireless network interfaces.

root@localhost:~# ifconfig                                     
eth0      Link encap:Ethernet  HWaddr 02:42:c0:a8:01:02                         
          inet addr:192.168.1.2  Bcast:192.168.1.255  Mask:255.255.255.0        
          UP BROADCAST RUNNING MULTICAST  MTU:1500  Metric:1                    
          RX packets:59 errors:0 dropped:0 overruns:0 frame:0                   
          TX packets:86 errors:0 dropped:0 overruns:0 carrier:0                 
          collisions:0 txqueuelen:1000                                          
          RX bytes:4346 (4.3 KB)  TX bytes:5602 (5.6 KB)                        
                                                                                
lo        Link encap:Local Loopback                                             
          inet addr:127.0.0.1  Mask:255.0.0.0                                   
          UP LOOPBACK RUNNING  MTU:65536  Metric:1                              
          RX packets:2 errors:0 dropped:0 overruns:0 frame:0                    
          TX packets:2 errors:0 dropped:0 overruns:0 carrier:0                  
          collisions:0 txqueuelen:1000                                          
          RX bytes:100 (100.0 B)  TX bytes:100 (100.0 B)           


--
root@localhost:~# ifconfig                                     
eth0      Link encap:Ethernet  HWaddr 02:42:c0:a8:01:02                         
          inet addr:192.168.1.2  Bcast:192.168.1.255  Mask:255.255.255.0        
          UP
**UP means it's currently active**

lo        Link encap:Local Loopback                                             
          inet addr:127.0.0.1  Mask:255.0.0.0                                   
          UP LOOPBACK RUNNING  MTU:65536  Metric:1                              
          RX packets:2 errors:0 dropped:0 overruns:0 frame:0                    
          TX packets:2 errors:0 dropped:0 overruns:0 carrier:0                  
          collisions:0 txqueuelen:1000                                          
          RX bytes:100 (100.0 B)  TX bytes:100 (100.0 B)

**lo is a loopback device. A loopback device is a virtual network interface or 
storage device that sends data back to itself instead of to another physical device.

********
Visualizing processes

User who have admin rights can manage any process of any user, even stop any process.

ps : This command can be use to see the processes.

sysadmin@localhost:~$ ps
  PID TTY          TIME CMD
   80 pts/0        00:00:00 bash
   94 pts/0        00:00:00 ps

| Column    | Description                                        |
| --------- | -------------------------------------------------- |
| **UID**   | User who owns the process                          |
| **PID**   | Process ID (unique per running process)            |
| **PPID**  | Parent Process ID (the process that started it)    |
| **C**     | CPU usage percentage                               |
| **STIME** | Start time                                         |
| **TTY**   | Terminal associated with the process (`?` if none) |
| **TIME**  | Total CPU time used                                |
| **CMD**   | The command that launched the process              |




| Command  | Meaning                                                  | Example Output                         |
| -------- | -------------------------------------------------------- | -------------------------------------- |
| `ps`     | Shows processes **in the current shell**                 | Usually just `bash`, maybe `ps` itself |
| `ps -e`  | Show **all** processes on the system                     | Every process from all users           |
| `ps -f`  | ‚ÄúFull format‚Äù ‚Äî adds more columns                        | UID, PID, PPID, CMD                    |
| `ps -ef` | Show **every process in full detail**                    | Most common form on Linux              |
| `ps aux` | BSD-style syntax; shows all processes with CPU/mem usage | Another popular variant                |


if you use ps -e

sysadmin@localhost:~$ ps -e
  PID TTY          TIME CMD                                                     
    1 pts/0        00:00:00 init                                                    
   33 ?            00:00:00 rsyslogd                                                
   37 ?            00:00:00 cron                                                    
   39 ?            00:00:00 sshd                                                    
   56 ?            00:00:00 named                                                   
   69 pts/0        00:00:00 login                                                   
   79 pts/0        00:00:00 bash                                                    
   94 pts/0        00:00:00 ps 



ps -ef
it can show you more detailed results

sysadmin@localhost:~$ ps -ef
UID        PID  PPID  C STIME TTY          TIME CMD                             
root         1     0  0 19:16 pts/0        00:00:00 /sbin??? /init                  
syslog      33     1  0 19:16 ?            00:00:00 /usr/sbin/rsyslogd              
root        37     1  0 19:16 ?            00:00:00 /usr/sbin/cron                  
root        39     1  0 19:16 ?            00:00:00 /usr/sbin/sshd                  
bind        56     1  0 19:16 ?            00:00:00 /usr/sbin/named -u bind         
root        69     1  0 19:16 pts/0        00:00:00 /bin/login -f                   
sysadmin    79    69  0 19:16 pts/0        00:00:00 -bash                           
sysadmin    95    79  0 19:43 pts/0        00:00:00 ps -ef  



**
PACKAGE MANAGEMENT:

*Before installing anything we recommend using apt-get update


*To look for a key inside of these packages:
apt-cache search.

apt-cache search [keyword]

--e.g.
sysadmin@localhost:~$ apt-cache search cow                                      
cowsay - configurable talking cow

Once you find that package to install, you can use the command apt-get install . 

sysadmin@localhost:~$ sudo apt-get install cowsay                               
[sudo] password for sysadmin:                                                   
Reading package lists... Done                                                   
Building dependency tree                                                        
Reading state information... Done                                               
Suggested packages:                                                             
  filters                                                                       
The following NEW packages will be installed:                                   
  cowsay                                                                        
0 upgraded, 1 newly installed, 0 to remove and 0 not upgraded.                  
Need to get 0 B/18.5 kB of archives.                                            
After this operation, 90.1 kB of additional disk space will be used.            
                                                                                
Selecting previously unselected package cowsay.                                 
(Reading database ... 24313 files and directories currently installed.)         
Preparing to unpack .../cowsay_3.03+dfsg1-6_all.deb ...                         
Unpacking cowsay (3.03+dfsg1-6) ...                                             
Processing triggers for man-db (2.6.7.1-1ubuntu1) ...                           
Setting up cowsay (3.03+dfsg1-6) ...


--*
apt-get install can also be used to update a package if it's already installed. 


1. Use apt-get update to update the package cache.

2. use apt-get upgrade to update all packages with their dependencies.

sysadmin@localhost:~$ sudo apt-get update                                       
[sudo] password for sysadmin:                                                   
Ign file: amd64/ InRelease                                                      
Ign file: amd64/ Release.gpg                                                    
Ign file: amd64/ Release                                                        
Reading package lists... Done                                                   
sysadmin@localhost:~$ sudo apt-get upgrade                                      
Reading package lists... Done                                                   
Building dependency tree                                                        
Reading state information... Done                                               
Calculating upgrade... Done                                                     
0 upgraded, 0 newly installed, 0 to remove and 0 not upgraded.

--
An admin can run this command apt-get remove to remove a package 
or 
apt-get purge  to purge a package completely from the system.


*********************
UPDATING USER'S PASSWORDS:

* passwd 
it's used to update a user's password.

sysadmin@localhost:~$ passwd                                                    
Changing password for sysadmin.                                                 
(current) UNIX password: netlab123                                                       
Enter new UNIX password:                                                       
Retype new UNIX password:                                                       
passwd: password updated successfully

*If the user wants to see the password's information, they can use the option -S

sysadmin@localhost:~$ passwd -S sysadmin                                       
sysadmin P 12/20/2017 0 99999 7 -1


| Field          | Meaning              | Explanation                                                                                     |
| -------------- | -------------------- | ----------------------------------------------------------------------------------------------- |
| **sysadmin**   | Username             | The account name queried.                                                                       |
| **P**          | Password status      | `P` = Password is **set** (active). <br>`L` = Locked. <br>`NP` = No password.                   |
| **12/20/2017** | Last password change | Date when the password was last changed.                                                        |
| **0**          | Minimum days         | Minimum number of days between password changes (0 = can change anytime).                       |
| **99999**      | Maximum days         | Maximum number of days the password is valid before it must be changed (99999 ‚âà no expiration). |
| **7**          | Warning period       | Days before expiration when the user is warned to change the password.                          |
| **-1**         | Inactive period      | Days after password expiration that the account remains active (-1 = never expires).            |


****
Redirecting:

Redirection means changing the default input or output streams of a command.
By default:
Standard input (stdin) ‚Üí your keyboard
Standard output (stdout) ‚Üí your terminal
Standard error (stderr) ‚Üí your terminal


| FD    | Name     | Stream          | Description                             |
| ----- | -------- | --------------- | --------------------------------------- |
| **0** | `stdin`  | Standard Input  | Keyboard input or input redirection.    |
| **1** | `stdout` | Standard Output | Normal program output (e.g., terminal). |
| **2** | `stderr` | Standard Error  | Error messages and diagnostics.         |




In this section we're gonna use STDOUT.

sysadmin@localhost:~/Documents$ cat food.txt > newfile1.txt
sysadmin@localhost:~/Documents$ cat newfile1.txt         
Food is good.     
sysadmin@localhost:~/Documents$ echo "I like food." > newfile1.txt
sysadmin@localhost:~/Documents$ cat newfile1.txt             
I like food.  

to make sure you don't overwrite the file you can use double >> 

sysadmin@localhost:~/Documents$ echo "This food is good." >> newfile1.txt
sysadmin@localhost:~/Documents$ cat newfile1.txt              
I like food.                                                      
This food is good.      

**************

TEXT EDITOR:

vi is the text editor used in Linux. Some distributions might no use vi but an improved version called: vim.
to create a new file

sysadmin@localhost:~$ vi newfile.txt

At first, you'll see there's a command screen. It is used to write commands, like the ones used for going over the document,
manipulate the text and access other modes. To come back to the command mode anytime, press the ESC key.

| Action                       | Command       | Description                            |
| ---------------------------- | ------------- | -------------------------------------- |
| Move left                    | `h`           | Move the cursor left                   |
| Move right                   | `l`           | Move the cursor right                  |
| Move up                      | `k`           | Move the cursor up                     |
| Move down                    | `j`           | Move the cursor down                   |
| Delete a character           | `x`           | Deletes the character under the cursor |
| Undo last change             | `u`           | Undo                                   |
| Redo last undo               | `Ctrl + r`    | Redo                                   |
| Copy (yank) a line           | `yy`          | Copy current line                      |
| Paste                        | `p`           | Paste after cursor                     |
| Cut (delete) a line          | `dd`          | Delete current line                    |
| Move to start of line        | `0`           | Jump to the beginning of the line      |
| Move to end of line          | `$`           | Jump to the end of the line            |
| Search text                  | `/text`       | Search forward for ‚Äútext‚Äù              |
| Save file                    | `:w`          | Write (save) file                      |
| Quit Vim                     | `:q`          | Quit Vim                               |
| Save and quit                | `:wq` or `ZZ` | Save and quit                          |
| Force quit (discard changes) | `:q!`         | Quit without saving                    |


Standard	Vi	Meaning
cut	d	 (delete)
copy	y	copy (yank)
paste	P | p	put (put)


| Action                     | Command          | Description                                   |
| -------------------------- | ---------------- | --------------------------------------------- |
| Cut a line                 | `dd`             | Deletes (cuts) the current line               |
| Cut 3 lines                | `3dd`            | Deletes (cuts) 3 lines starting at the cursor |
| Cut a word                 | `dw`             | Deletes (cuts) a word                         |
| Cut to end of line         | `d$`             | Deletes (cuts) from cursor to end of line     |
| Cut text visually selected | `v` + move + `d` | Visually select text, then delete it          |
| Cut three next words       | `d3w`            | Deletes (cuts) from cursor to end of line     |
| Cut four characters of the left | `d4h`       | Visually select text, then delete it          |


| Command | Motion        | Effect                  | Mode   |
| ------- | ------------- | ----------------------- | ------ |
| `cc`    | (entire line) | Change whole line       | Insert |
| `cw`    | word          | Change word             | Insert |
| `c3w`   | 3 words       | Change 3 words          | Insert |
| `c5h`   | 5 chars left  | Change 5 chars backward | Insert |



| Action                      | Command          | Description                       |
| --------------------------- | ---------------- | --------------------------------- |
| Copy a line                 | `yy`             | Copies current line               |
| Copy 3 lines                | `3yy`            | Copies 3 lines                    |
| Copy a word                 | `yw`             | Copies word from cursor           |
| Copy to end of line         | `y$`             | Copies from cursor to end of line |
| Copy visually selected text | `v` + move + `y` | Select text, then yank it         |


| Command | Meaning                                                 |
| ------- | ------------------------------------------------------- |
| `p`     | Paste **after** the cursor (or below the current line)  |
| `P`     | Paste **before** the cursor (or above the current line) |


****
Basic Searching in vi

Forward Search
/pattern

Backward Search
?pattern


Insert mode (Normal Mode)

| Command | Meaning                                | Cursor Position After               |
| ------- | -------------------------------------- | ----------------------------------- |
| `i`     | Insert before the cursor               | Before current character            |
| `I`     | Insert at the beginning of the line    | Start of line                       |
| `a`     | Append after the cursor                | After current character             |
| `A`     | Append at the end of the line          | End of line                         |
| `o`     | Open a new line **below** current line | At start of new line                |
| `O`     | Open a new line **above** current line | At start of new line                |
| `cw`    | Change (replace) word                  | Deletes word and enters insert mode |
| `cc`    | Change (replace) whole line            | Deletes line and enters insert mode |




EX MODE


| Command         | Description                                                         |
| --------------- | ------------------------------------------------------------------- |
| `:w`            | Save (write) the file                                               |
| `:q`            | Quit                                                                |
| `:wq`           | Save and quit                                                       |
| `:q!`           | Quit without saving changes                                         |
| `:e filename`   | Edit another file                                                   |
| `:r filename`   | Read (insert) another file at the cursor                            |
| `:s/old/new/`   | Substitute first occurrence of ‚Äúold‚Äù with ‚Äúnew‚Äù in the current line |
| `:%s/old/new/g` | Substitute all occurrences in the file                              |
| `:/pattern`     | Jump to line containing pattern                                     |
| `:set number`   | Show line numbers                                                   |












